// Jest Snapshot v1, https://goo.gl/fbAQLP

exports[`STATIC TESTS renders correctly from snapshot 1`] = `
<div
  className="bg-indigo-900 relative overflow-hidden h-screen"
>
  <img
    className="absolute h-full w-full object-cover"
    src="https://raw.githubusercontent.com/Charlie85270/tail-kit/main/public/images/landscape/5.svg"
  />
  <div
    className="inset-0 bg-black opacity-50 absolute"
  />
  <div
    className="container mx-auto relative z-10 mt-20 w-4/5 md:w-3/5 lg:w-2/5 xl:w-2/5"
  >
    <div
      className="flex flex-col content-center relative z-10"
    >
      <div
        className="self-center mb-2 text-xl font-light text-gray-800 dark:text-white"
      >
        Create a new account
      </div>
      <span
        className="self-center text-sm text-center text-gray-500 flex-items-center dark:text-gray-400"
      >
        Already have an account?
        <br />
        <a
          className="cursor-pointer text-sm text-blue-500 underline hover:text-white"
          href="#"
          onClick={[Function]}
        >
          Sign in
        </a>
      </span>
      <div
        className="p-6 mt-8"
      >
        <form>
          <div
            className="flex flex-col mb-2"
          >
            <div
              className="relative "
            >
              <input
                className="rounded-lg border-transparent flex-1 appearance-none border border-gray-300 w-full py-2 px-4 bg-white text-gray-700 placeholder-gray-400 shadow-sm text-base focus:outline-none focus:ring-2 focus:ring-indigo-600 focus:border-transparent"
                onChange={[Function]}
                placeholder="Name"
                type="text"
                value=""
              />
            </div>
          </div>
          <div
            className="flex flex-col mb-2"
          >
            <div
              className="relative "
            >
              <input
                className="rounded-lg border-transparent flex-1 appearance-none border border-gray-300 w-full py-2 px-4 bg-white text-gray-700 placeholder-gray-400 shadow-sm text-base focus:outline-none focus:ring-2 focus:ring-indigo-600 focus:border-transparent"
                onChange={[Function]}
                placeholder="Password"
                type="password"
                value=""
              />
            </div>
          </div>
          <div
            className="flex flex-col mb-2"
          >
            <div
              className="relative "
            >
              <input
                className="rounded-lg border-transparent flex-1 appearance-none border border-gray-300 w-full py-2 px-4 bg-white text-gray-700 placeholder-gray-400 shadow-sm text-base focus:outline-none focus:ring-2 focus:ring-indigo-600 focus:border-transparent"
                onChange={[Function]}
                placeholder="Confirm Password"
                type="password"
                value=""
              />
            </div>
          </div>
          <div
            className="flex w-full my-4"
          >
            <button
              className="py-2 px-4 bg-gray-600 text-white w-full transition ease-in duration-200 text-center text-base font-semibold shadow-md rounded-lg cursor-not-allowed"
              disabled={true}
              onClick={[Function]}
              type="submit"
            >
              Register
            </button>
          </div>
          <div
            className="flex w-full my-4"
          >
            <a
              className="py-2 px-4  bg-indigo-600 hover:bg-indigo-700 focus:ring-indigo-500 focus:ring-offset-indigo-200 text-white w-full transition ease-in duration-200 text-center text-base font-semibold shadow-md focus:outline-none focus:ring-2 focus:ring-offset-2 rounded-lg w-auto mx-auto"
              href="/surveys"
              onClick={[Function]}
            >
              Browse surveys as guest
            </a>
          </div>
        </form>
      </div>
    </div>
  </div>
</div>
`;
